============================= test session starts =============================
platform win32 -- Python 3.14.2, pytest-9.0.1, pluggy-1.6.0
rootdir: C:\Users\julih\REPOSITORIES\epydemics\epydemics.worktrees\address-measles-integration
configfile: pyproject.toml
testpaths: tests
plugins: anyio-4.11.0, cov-7.0.0
collected 367 items

tests\integration\test_annual_workflow_v080.py ...........               [  2%]
tests\integration\test_backward_compatibility.py .........               [  5%]
tests\integration\test_incidence_mode_workflow.py ......                 [  7%]
tests\integration\test_sirdv_model.py ..........                         [  9%]
tests\models\test_result_caching.py .                                    [ 10%]
tests\test_data_container.py ....................                        [ 15%]
tests\test_model.py .......................................              [ 26%]
tests\test_parallel_simulations.py ........                              [ 28%]
tests\unit\analysis\test_evaluation.py ...............                   [ 32%]
tests\unit\analysis\test_visualization.py ..................             [ 37%]
tests\unit\core\test_config.py .....                                     [ 38%]
tests\unit\core\test_constants.py ..........                             [ 41%]
tests\unit\core\test_exceptions.py ...........                           [ 44%]
tests\unit\data\test_features_vaccination.py ................            [ 48%]
tests\unit\data\test_frequency_detection.py ................             [ 53%]
tests\unit\data\test_incidence_mode.py .....................             [ 58%]
tests\unit\models\test_forecaster_registry.py .......................... [ 65%]
.......                                                                  [ 67%]
tests\unit\models\test_incidence_backends.py .ss..ss                     [ 69%]
tests\unit\models\test_model_mode.py ..............                      [ 73%]
tests\unit\models\test_multi_backend.py .ss.ss.ss.ss.ss.ss.ss.ss.ss.ss.s [ 82%]
s.ss.ss...ss                                                             [ 85%]
tests\unit\models\test_simulation.py .......                             [ 87%]
tests\unit\models\test_simulation_vaccination.py .............           [ 91%]
tests\unit\models\test_temporal_aggregation.py ..................        [ 95%]
tests\unit\models\test_var_forecasting.py ...............                [100%]

============================== warnings summary ===============================
tests/integration/test_annual_workflow_v080.py::TestAnnualDataWorkflow::test_complete_annual_workflow_with_aggregation
tests/integration/test_annual_workflow_v080.py::TestAnnualDataWorkflow::test_annual_workflow_multiple_compartments
tests/integration/test_annual_workflow_v080.py::TestAnnualDataWorkflow::test_annual_workflow_different_aggregation_functions
tests/integration/test_annual_workflow_v080.py::TestAnnualDataWorkflow::test_monthly_to_annual_aggregation
tests/unit/models/test_temporal_aggregation.py::TestAggregrateForecast::test_aggregate_forecast_annual_frequency
tests/unit/models/test_temporal_aggregation.py::TestAggregationIntegration::test_annual_workflow_with_aggregation
  C:\Users\julih\REPOSITORIES\epydemics\epydemics.worktrees\address-measles-integration\.venv\Lib\site-packages\scipy\stats\_stats_py.py:350: RuntimeWarning: overflow encountered in divide
    return 1.0 / _xp_mean(1.0 / a, axis=axis, weights=weights)

tests/integration/test_incidence_mode_workflow.py::TestIncidenceModeMeaslesWorkflow::test_measles_concept
  C:\Users\julih\REPOSITORIES\epydemics\epydemics.worktrees\address-measles-integration\src\epydemics\data\preprocessing.py:30: UserWarning: 
  ============================================================
  FREQUENCY MISMATCH WARNING
  ============================================================
  Source data frequency: annual (Y)
  Target frequency: daily (D)
  Artificial data points created: 2550
  
  Reindexing annual data to daily creates 2550 rows via forward-fill, which may produce meaningless rate
  calculations and forecasts.
  
  Recommended actions:
  1. Use native frequency support (v0.9.0+): frequency='Y'
  2. Use temporal aggregation to convert forecasts back to annual
  3. See documentation for annual surveillance data best practices
  ============================================================
  
    reindexed_data = reindex_data(smoothed_data)

tests/test_model.py: 1 warning
tests/unit/analysis/test_visualization.py: 9 warnings
  C:\Users\julih\REPOSITORIES\epydemics\epydemics.worktrees\address-measles-integration\src\epydemics\analysis\visualization.py:95: UserWarning: No artists with labels found to put in legend.  Note that artists whose label start with an underscore are ignored when legend() is called with no argument.
    plt.legend()

tests/unit/models/test_incidence_backends.py::TestIncidenceModeVARBackend::test_var_incidence_model_creation
tests/unit/models/test_incidence_backends.py::TestIncidenceModeBackendComparison::test_var_model_initialization
tests/unit/models/test_incidence_backends.py::TestIncidenceModePreservation::test_mode_preserved_var
tests/unit/models/test_incidence_backends.py::TestIncidenceModePreservation::test_mode_preserved_prophet_if_available
tests/unit/models/test_incidence_backends.py::TestIncidenceModePreservation::test_mode_preserved_arima_if_available
  C:\Users\julih\REPOSITORIES\epydemics\epydemics.worktrees\address-measles-integration\src\epydemics\data\preprocessing.py:30: UserWarning: 
  ============================================================
  FREQUENCY MISMATCH WARNING
  ============================================================
  Source data frequency: annual (Y)
  Target frequency: daily (D)
  Artificial data points created: 9470
  
  Reindexing annual data to daily creates 9470 rows via forward-fill, which may produce meaningless rate
  calculations and forecasts.
  
  Recommended actions:
  1. Use native frequency support (v0.9.0+): frequency='Y'
  2. Use temporal aggregation to convert forecasts back to annual
  3. See documentation for annual surveillance data best practices
  ============================================================
  
    reindexed_data = reindex_data(smoothed_data)

-- Docs: https://docs.pytest.org/en/stable/how-to/capture-warnings.html
=========================== short test summary info ===========================
SKIPPED [1] tests\unit\models\test_incidence_backends.py:115: Prophet not installed
SKIPPED [1] tests\unit\models\test_incidence_backends.py:141: pmdarima not installed
SKIPPED [1] tests\unit\models\test_incidence_backends.py:194: Prophet not installed
SKIPPED [1] tests\unit\models\test_incidence_backends.py:204: pmdarima not installed
SKIPPED [1] tests\unit\models\test_multi_backend.py:94: Prophet not installed
SKIPPED [1] tests\unit\models\test_multi_backend.py:94: pmdarima not installed
SKIPPED [1] tests\unit\models\test_multi_backend.py:108: Prophet not installed
SKIPPED [1] tests\unit\models\test_multi_backend.py:108: pmdarima not installed
SKIPPED [1] tests\unit\models\test_multi_backend.py:133: Prophet not installed
SKIPPED [1] tests\unit\models\test_multi_backend.py:133: pmdarima not installed
SKIPPED [1] tests\unit\models\test_multi_backend.py:170: Prophet not installed
SKIPPED [1] tests\unit\models\test_multi_backend.py:170: pmdarima not installed
SKIPPED [1] tests\unit\models\test_multi_backend.py:207: Prophet not installed
SKIPPED [1] tests\unit\models\test_multi_backend.py:207: pmdarima not installed
SKIPPED [1] tests\unit\models\test_multi_backend.py:238: Prophet not installed
SKIPPED [1] tests\unit\models\test_multi_backend.py:238: pmdarima not installed
SKIPPED [1] tests\unit\models\test_multi_backend.py:268: Prophet not installed
SKIPPED [1] tests\unit\models\test_multi_backend.py:268: pmdarima not installed
SKIPPED [1] tests\unit\models\test_multi_backend.py:308: Prophet not installed
SKIPPED [1] tests\unit\models\test_multi_backend.py:308: pmdarima not installed
SKIPPED [1] tests\unit\models\test_multi_backend.py:335: Prophet not installed
SKIPPED [1] tests\unit\models\test_multi_backend.py:335: pmdarima not installed
SKIPPED [1] tests\unit\models\test_multi_backend.py:368: Prophet not installed
SKIPPED [1] tests\unit\models\test_multi_backend.py:368: pmdarima not installed
SKIPPED [1] tests\unit\models\test_multi_backend.py:417: Prophet not installed
SKIPPED [1] tests\unit\models\test_multi_backend.py:437: pmdarima not installed
SKIPPED [1] tests\unit\models\test_multi_backend.py:460: Prophet not installed
SKIPPED [1] tests\unit\models\test_multi_backend.py:460: pmdarima not installed
SKIPPED [1] tests\unit\models\test_multi_backend.py:493: Prophet not installed
SKIPPED [1] tests\unit\models\test_multi_backend.py:493: pmdarima not installed
SKIPPED [1] tests\unit\models\test_multi_backend.py:544: Prophet not installed
SKIPPED [1] tests\unit\models\test_multi_backend.py:544: pmdarima not installed
========== 335 passed, 32 skipped, 22 warnings in 115.77s (0:01:55) ===========
